{
  "test bit8 (7)": "1",
  "test bit8 (8)": "2",
  "test bit8 (9)": "4",
  "test bit8 (10)": "8",
  "test bit8 (11)": "16",
  "test bit8 (12)": "32",
  "test bit8 (13)": "64",
  "test bit8 (14)": "128"
}