{
  "test tester works (42)": "This should work"
}